// Jest Snapshot v1, https://goo.gl/fbAQLP

exports[`<SearchGrid /> should render 1`] = `
<div>
  <div
    class="loading-spinner z-1 absolute-centered fixed"
    role="alert"
  />
</div>
`;
